------------------------------------------------------------
Timing Analyzer Summary
------------------------------------------------------------

Type  : Slow 1200mV 100C Model Setup 'PLLGenerator|altpll_component|auto_generated|pll1|clk[0]'
Slack : 4.470
TNS   : 0.000

Type  : Slow 1200mV 100C Model Setup 'PLLGenerator|altpll_component|auto_generated|pll1|clk[1]'
Slack : 6.053
TNS   : 0.000

Type  : Slow 1200mV 100C Model Hold 'PLLGenerator|altpll_component|auto_generated|pll1|clk[1]'
Slack : 0.316
TNS   : 0.000

Type  : Slow 1200mV 100C Model Hold 'PLLGenerator|altpll_component|auto_generated|pll1|clk[0]'
Slack : 0.398
TNS   : 0.000

Type  : Slow 1200mV 100C Model Minimum Pulse Width 'PLLGenerator|altpll_component|auto_generated|pll1|clk[0]'
Slack : 4.618
TNS   : 0.000

Type  : Slow 1200mV 100C Model Minimum Pulse Width 'CLK'
Slack : 4.891
TNS   : 0.000

Type  : Slow 1200mV 100C Model Minimum Pulse Width 'PLLGenerator|altpll_component|auto_generated|pll1|clk[1]'
Slack : 169.619
TNS   : 0.000

Type  : Slow 1200mV -40C Model Setup 'PLLGenerator|altpll_component|auto_generated|pll1|clk[0]'
Slack : 5.123
TNS   : 0.000

Type  : Slow 1200mV -40C Model Setup 'PLLGenerator|altpll_component|auto_generated|pll1|clk[1]'
Slack : 6.400
TNS   : 0.000

Type  : Slow 1200mV -40C Model Hold 'PLLGenerator|altpll_component|auto_generated|pll1|clk[1]'
Slack : 0.320
TNS   : 0.000

Type  : Slow 1200mV -40C Model Hold 'PLLGenerator|altpll_component|auto_generated|pll1|clk[0]'
Slack : 0.329
TNS   : 0.000

Type  : Slow 1200mV -40C Model Minimum Pulse Width 'PLLGenerator|altpll_component|auto_generated|pll1|clk[0]'
Slack : 4.630
TNS   : 0.000

Type  : Slow 1200mV -40C Model Minimum Pulse Width 'CLK'
Slack : 4.908
TNS   : 0.000

Type  : Slow 1200mV -40C Model Minimum Pulse Width 'PLLGenerator|altpll_component|auto_generated|pll1|clk[1]'
Slack : 169.628
TNS   : 0.000

Type  : Fast 1200mV -40C Model Setup 'PLLGenerator|altpll_component|auto_generated|pll1|clk[0]'
Slack : 7.375
TNS   : 0.000

Type  : Fast 1200mV -40C Model Setup 'PLLGenerator|altpll_component|auto_generated|pll1|clk[1]'
Slack : 8.032
TNS   : 0.000

Type  : Fast 1200mV -40C Model Hold 'PLLGenerator|altpll_component|auto_generated|pll1|clk[1]'
Slack : 0.114
TNS   : 0.000

Type  : Fast 1200mV -40C Model Hold 'PLLGenerator|altpll_component|auto_generated|pll1|clk[0]'
Slack : 0.170
TNS   : 0.000

Type  : Fast 1200mV -40C Model Minimum Pulse Width 'CLK'
Slack : 4.626
TNS   : 0.000

Type  : Fast 1200mV -40C Model Minimum Pulse Width 'PLLGenerator|altpll_component|auto_generated|pll1|clk[0]'
Slack : 4.735
TNS   : 0.000

Type  : Fast 1200mV -40C Model Minimum Pulse Width 'PLLGenerator|altpll_component|auto_generated|pll1|clk[1]'
Slack : 169.736
TNS   : 0.000

------------------------------------------------------------
